******************************************************************************
                  TI ARM Linker PC v20.2.0                     
******************************************************************************
>> Linked Wed May 13 16:30:22 2020

OUTPUT FILE NAME:   <EXP1.out>
ENTRY POINT SYMBOL: "_c_int00_noargs"  address: 00000a29


MEMORY CONFIGURATION

         name            origin    length      used     unused   attr    fill
----------------------  --------  ---------  --------  --------  ----  --------
  FLASH                 00000000   00040000  00000c88  0003f378  R  X
  SRAM                  20000000   00008000  00000210  00007df0  RW X


SEGMENT ALLOCATION MAP

run origin  load origin   length   init length attrs members
----------  ----------- ---------- ----------- ----- -------
00000000    00000000    00000c8c   00000c8c    r-x
  00000000    00000000    0000026c   0000026c    r-- .intvecs
  0000026c    0000026c    00000924   00000924    r-x .text
  00000b90    00000b90    000000dc   000000dc    r-- .const
  00000c70    00000c70    0000001c   0000001c    r-- .cinit
20000000    20000000    00000210   00000000    rw-
  20000000    20000000    00000200   00000000    rw- .stack
  20000200    20000200    00000010   00000000    rw- .data


SECTION ALLOCATION MAP

 output                                  attributes/
section   page    origin      length       input sections
--------  ----  ----------  ----------   ----------------
.intvecs   0    00000000    0000026c     
                  00000000    0000026c     tm4c123gh6pm_startup_ccs.obj (.intvecs)

.text      0    0000026c    00000924     
                  0000026c    000001f8     main.obj (.text)
                  00000464    00000132     driverlib.lib : gpio.obj (.text:GPIOPadConfigSet)
                  00000596    00000002     --HOLE-- [fill = 0]
                  00000598    00000110                   : sysctl.obj (.text:SysCtlClockGet)
                  000006a8    000000f4                   : sysctl.obj (.text:SysCtlClockSet)
                  0000079c    0000009c     rtsv7M4_T_le_v4SPD16_eabi.lib : memcpy_t2.asm.obj (.text)
                  00000838    00000068     driverlib.lib : interrupt.obj (.text:IntEnable)
                  000008a0    00000068     rtsv7M4_T_le_v4SPD16_eabi.lib : copy_decompress_lzss.c.obj (.text:decompress:lzss:__TI_decompress_lzss)
                  00000908    00000060     driverlib.lib : timer.obj (.text:TimerConfigure)
                  00000968    00000046                   : uart.obj (.text:UARTConfigSetExpClk)
                  000009ae    00000002     --HOLE-- [fill = 0]
                  000009b0    00000044     rtsv7M4_T_le_v4SPD16_eabi.lib : autoinit.c.obj (.text:__TI_auto_init_nobinit_nopinit:__TI_auto_init_nobinit_nopinit)
                  000009f4    00000034     driverlib.lib : sysctl.obj (.text:SysCtlPeripheralEnable)
                  00000a28    00000034     rtsv7M4_T_le_v4SPD16_eabi.lib : boot_cortex_m.c.obj (.text:_c_int00_noargs:_c_int00_noargs)
                  00000a5c    0000002a     driverlib.lib : gpio.obj (.text:GPIODirModeSet)
                  00000a86    00000002     --HOLE-- [fill = 0]
                  00000a88    00000020                   : uart.obj (.text:UARTDisable)
                  00000aa8    00000018                   : gpio.obj (.text:GPIOPinTypeGPIOOutput)
                  00000ac0    00000014                   : uart.obj (.text:UARTEnable)
                  00000ad4    00000012                   : gpio.obj (.text:GPIOPinTypeUART)
                  00000ae6    00000012                   : timer.obj (.text:TimerLoadSet)
                  00000af8    00000010                   : interrupt.obj (.text:IntMasterEnable)
                  00000b08    0000000e                   : timer.obj (.text:TimerEnable)
                  00000b16    0000000e                   : uart.obj (.text:UARTCharsAvail)
                  00000b24    0000000e     rtsv7M4_T_le_v4SPD16_eabi.lib : copy_decompress_none.c.obj (.text:decompress:none:__TI_decompress_none)
                  00000b32    0000000c     driverlib.lib : cpu.obj (.text:CPUcpsie)
                  00000b3e    0000000c     tm4c123gh6pm_startup_ccs.obj (.text)
                  00000b4a    0000000a     driverlib.lib : uart.obj (.text:UARTCharGet)
                  00000b54    0000000a                   : uart.obj (.text:UARTIntStatus)
                  00000b5e    00000008                   : timer.obj (.text:TimerIntEnable)
                  00000b66    00000008                   : uart.obj (.text:UARTIntEnable)
                  00000b6e    00000006                   : gpio.obj (.text:GPIOPinRead)
                  00000b74    00000006                   : gpio.obj (.text:GPIOPinWrite)
                  00000b7a    00000006                   : sysctl.obj (.text:SysCtlDelay)
                  00000b80    00000004                   : timer.obj (.text:TimerIntClear)
                  00000b84    00000004                   : uart.obj (.text:UARTIntClear)
                  00000b88    00000004     rtsv7M4_T_le_v4SPD16_eabi.lib : pre_init.c.obj (.text:_system_pre_init)
                  00000b8c    00000004                                   : exit.c.obj (.text:abort:abort)

.const     0    00000b90    000000dc     
                  00000b90    00000070     driverlib.lib : interrupt.obj (.const)
                  00000c00    0000006c                   : sysctl.obj (.const:g_pui32Xtals)

.cinit     0    00000c70    0000001c     
                  00000c70    0000000c     (.cinit..data.load) [load image, compression = lzss]
                  00000c7c    00000008     (__TI_handler_table)
                  00000c84    00000008     (__TI_cinit_table)

.init_array 
*          0    00000000    00000000     UNINITIALIZED

.data      0    20000200    00000010     UNINITIALIZED
                  20000200    00000010     main.obj (.data)

.stack     0    20000000    00000200     UNINITIALIZED
                  20000000    00000004     rtsv7M4_T_le_v4SPD16_eabi.lib : boot_cortex_m.c.obj (.stack)
                  20000004    000001fc     --HOLE--

__llvm_prf_cnts 
*          0    20000000    00000000     UNINITIALIZED

MODULE SUMMARY

       Module                         code   ro data   rw data
       ------                         ----   -------   -------
    .\
       tm4c123gh6pm_startup_ccs.obj   12     620       0      
       main.obj                       504    0         16     
    +--+------------------------------+------+---------+---------+
       Total:                         516    620       16     
                                                              
    C:/ti/TivaWare_C_Series-2.1.4.178/driverlib/ccs/Debug/driverlib.lib
       sysctl.obj                     574    108       0      
       gpio.obj                       402    0         0      
       interrupt.obj                  120    112       0      
       uart.obj                       168    0         0      
       timer.obj                      140    0         0      
       cpu.obj                        12     0         0      
    +--+------------------------------+------+---------+---------+
       Total:                         1416   220       0      
                                                              
    C:\ti\ccs1000\ccs\tools\compiler\ti-cgt-arm_20.2.0.LTS\lib\rtsv7M4_T_le_v4SPD16_eabi.lib
       memcpy_t2.asm.obj              156    0         0      
       copy_decompress_lzss.c.obj     104    0         0      
       autoinit.c.obj                 68     0         0      
       boot_cortex_m.c.obj            52     0         0      
       copy_decompress_none.c.obj     14     0         0      
       exit.c.obj                     4      0         0      
       pre_init.c.obj                 4      0         0      
    +--+------------------------------+------+---------+---------+
       Total:                         402    0         0      
                                                              
       Stack:                         0      0         512    
       Linker Generated:              0      28        0      
    +--+------------------------------+------+---------+---------+
       Grand Total:                   2334   868       528    


LINKER GENERATED COPY TABLES

__TI_cinit_table @ 00000c84 records: 1, size/record: 8, table size: 8
	.data: load addr=00000c70, load size=0000000c bytes, run addr=20000200, run size=00000010 bytes, compression=lzss


LINKER GENERATED HANDLER TABLE

__TI_handler_table @ 00000c7c records: 2, size/record: 4, table size: 8
	index: 0, handler: __TI_decompress_lzss
	index: 1, handler: __TI_decompress_none


GLOBAL SYMBOLS: SORTED ALPHABETICALLY BY Name 

address   name                          
-------   ----                          
2000020c  B                             
00000b8d  C$$EXIT                       
00000b33  CPUcpsie                      
20000208  G                             
00000a5d  GPIODirModeSet                
00000465  GPIOPadConfigSet              
00000b6f  GPIOPinRead                   
00000aa9  GPIOPinTypeGPIOOutput         
00000ad5  GPIOPinTypeUART               
00000b75  GPIOPinWrite                  
00000839  IntEnable                     
00000af9  IntMasterEnable               
20000204  R                             
00000b3f  ResetISR                      
00000599  SysCtlClockGet                
000006a9  SysCtlClockSet                
00000b7b  SysCtlDelay                   
000009f5  SysCtlPeripheralEnable        
00000301  Timer0IntHandler              
00000909  TimerConfigure                
00000b09  TimerEnable                   
00000b81  TimerIntClear                 
00000b5f  TimerIntEnable                
00000ae7  TimerLoadSet                  
00000b4b  UARTCharGet                   
00000b17  UARTCharsAvail                
00000969  UARTConfigSetExpClk           
00000a89  UARTDisable                   
00000ac1  UARTEnable                    
00000b85  UARTIntClear                  
00000b67  UARTIntEnable                 
00000385  UARTIntHandler                
00000b55  UARTIntStatus                 
20000200  __STACK_END                   
00000200  __STACK_SIZE                  
20000200  __STACK_TOP                   
00000c84  __TI_CINIT_Base               
00000c8c  __TI_CINIT_Limit              
00000c7c  __TI_Handler_Table_Base       
00000c84  __TI_Handler_Table_Limit      
000009b1  __TI_auto_init_nobinit_nopinit
000008a1  __TI_decompress_lzss          
00000b25  __TI_decompress_none          
ffffffff  __TI_pprof_out_hndl           
ffffffff  __TI_prof_data_size           
ffffffff  __TI_prof_data_start          
00000000  __TI_static_base__            
0000079d  __aeabi_memcpy                
0000079d  __aeabi_memcpy4               
0000079d  __aeabi_memcpy8               
ffffffff  __binit__                     
ffffffff  __c_args__                    
UNDEFED   __mpu_init                    
20000000  __stack                       
20000000  __start___llvm_prf_cnts       
20000000  __stop___llvm_prf_cnts        
00000a29  _c_int00_noargs               
UNDEFED   _system_post_cinit            
00000b89  _system_pre_init              
00000b8d  abort                         
ffffffff  binit                         
20000200  color                         
00000000  g_pfnVectors                  
0000026d  main                          
0000079d  memcpy                        


GLOBAL SYMBOLS: SORTED BY Symbol Address 

address   name                          
-------   ----                          
00000000  __TI_static_base__            
00000000  g_pfnVectors                  
00000200  __STACK_SIZE                  
0000026d  main                          
00000301  Timer0IntHandler              
00000385  UARTIntHandler                
00000465  GPIOPadConfigSet              
00000599  SysCtlClockGet                
000006a9  SysCtlClockSet                
0000079d  __aeabi_memcpy                
0000079d  __aeabi_memcpy4               
0000079d  __aeabi_memcpy8               
0000079d  memcpy                        
00000839  IntEnable                     
000008a1  __TI_decompress_lzss          
00000909  TimerConfigure                
00000969  UARTConfigSetExpClk           
000009b1  __TI_auto_init_nobinit_nopinit
000009f5  SysCtlPeripheralEnable        
00000a29  _c_int00_noargs               
00000a5d  GPIODirModeSet                
00000a89  UARTDisable                   
00000aa9  GPIOPinTypeGPIOOutput         
00000ac1  UARTEnable                    
00000ad5  GPIOPinTypeUART               
00000ae7  TimerLoadSet                  
00000af9  IntMasterEnable               
00000b09  TimerEnable                   
00000b17  UARTCharsAvail                
00000b25  __TI_decompress_none          
00000b33  CPUcpsie                      
00000b3f  ResetISR                      
00000b4b  UARTCharGet                   
00000b55  UARTIntStatus                 
00000b5f  TimerIntEnable                
00000b67  UARTIntEnable                 
00000b6f  GPIOPinRead                   
00000b75  GPIOPinWrite                  
00000b7b  SysCtlDelay                   
00000b81  TimerIntClear                 
00000b85  UARTIntClear                  
00000b89  _system_pre_init              
00000b8d  C$$EXIT                       
00000b8d  abort                         
00000c7c  __TI_Handler_Table_Base       
00000c84  __TI_CINIT_Base               
00000c84  __TI_Handler_Table_Limit      
00000c8c  __TI_CINIT_Limit              
20000000  __stack                       
20000000  __start___llvm_prf_cnts       
20000000  __stop___llvm_prf_cnts        
20000200  __STACK_END                   
20000200  __STACK_TOP                   
20000200  color                         
20000204  R                             
20000208  G                             
2000020c  B                             
ffffffff  __TI_pprof_out_hndl           
ffffffff  __TI_prof_data_size           
ffffffff  __TI_prof_data_start          
ffffffff  __binit__                     
ffffffff  __c_args__                    
ffffffff  binit                         
UNDEFED   __mpu_init                    
UNDEFED   _system_post_cinit            

[65 symbols]
